LEFT_PAREN ( nil
LEFT_PAREN ( nil
RIGHT_PAREN ) nil
RIGHT_PAREN ) nil
LEFT_BRACE { nil
RIGHT_BRACE } nil
BANG ! nil
STAR * nil
PLUS + nil
MINUS - nil
SLASH / nil
EQUAL = nil
LESS < nil
GREATER > nil
LESS_EQUAL <= nil
EQUAL_EQUAL == nil

                            fn
                            NUMBER 1 1.00001
                            NUMBER 1 1.00000
                            
SEMICOLON ; nil
_EOF  nil







                                                        